2026-06-27 21:46:09,554 - INFO -   APLAPOLLO.NS: 1499 rows stored in DB
2026-06-27 21:46:09,554 - INFO - Processing: ASHOKLEY.NS
2026-06-27 21:46:10,412 - INFO -   ASHOKLEY.NS: 1500 rows stored in DB
2026-06-27 21:46:10,412 - INFO - Processing: AUBANK.NS
2026-06-27 21:46:11,266 - INFO -   AUBANK.NS: 1499 rows stored in DB
2026-06-27 21:46:11,266 - INFO - Processing: AUROPHARMA.NS
2026-06-27 21:46:17,583 - INFO -   AUROPHARMA.NS: 1499 rows stored in DB
2026-06-27 21:46:17,583 - INFO - Processing: BHARATFORG.NS
2026-06-27 21:46:18,521 - INFO -   BHARATFORG.NS: 1499 rows stored in DB
2026-06-27 21:46:18,521 - INFO - Processing: BHEL.NS
2026-06-27 21:46:19,408 - INFO -   BHEL.NS: 1499 rows stored in DB
2026-06-27 21:46:19,408 - INFO - Processing: BSE.NS
2026-06-27 21:46:20,309 - INFO -   BSE.NS: 1499 rows stored in DB
2026-06-27 21:46:20,309 - INFO - Processing: COFORGE.NS
2026-06-27 21:46:21,163 - INFO -   COFORGE.NS: 1499 rows stored in DB
2026-06-27 21:46:21,163 - INFO - Processing: COLPAL.NS
2026-06-27 21:46:22,021 - INFO -   COLPAL.NS: 1500 rows stored in DB
2026-06-27 21:46:22,022 - INFO - Processing: DABUR.NS
2026-06-27 21:46:22,887 - INFO -   DABUR.NS: 1499 rows stored in DB
2026-06-27 21:46:22,887 - INFO - Processing: DIXON.NS
2026-06-27 21:46:23,704 - INFO -   DIXON.NS: 1499 rows stored in DB
2026-06-27 21:46:23,704 - INFO - Processing: FEDERALBNK.NS
2026-06-27 21:46:24,565 - INFO -   FEDERALBNK.NS: 1499 rows stored in DB
2026-06-27 21:46:24,565 - INFO - Processing: FORTIS.NS
2026-06-27 21:46:25,415 - INFO -   FORTIS.NS: 1496 rows stored in DB
2026-06-27 21:46:25,415 - INFO - Processing: GMRAIRPORT.NS
2026-06-27 21:46:26,265 - INFO -   GMRAIRPORT.NS: 1499 rows stored in DB
2026-06-27 21:46:26,265 - INFO - Processing: GODREJPROP.NS
2026-06-27 21:46:27,158 - INFO -   GODREJPROP.NS: 1493 rows stored in DB
2026-06-27 21:46:27,158 - INFO - Processing: HAVELLS.NS
2026-06-27 21:46:28,044 - INFO -   HAVELLS.NS: 1499 rows stored in DB
2026-06-27 21:46:28,044 - INFO - Processing: HEROMOTOCO.NS
2026-06-27 21:46:28,879 - INFO -   HEROMOTOCO.NS: 1499 rows stored in DB
2026-06-27 21:46:28,879 - INFO - Processing: HINDPETRO.NS
2026-06-27 21:46:29,743 - INFO -   HINDPETRO.NS: 1499 rows stored in DB
2026-06-27 21:46:29,743 - INFO - Processing: ICICIBANK.NS
2026-06-27 21:46:30,597 - INFO -   ICICIBANK.NS: 1499 rows stored in DB
2026-06-27 21:46:30,597 - INFO - Processing: ^NSEI
2026-06-27 21:46:31,438 - INFO -   ^NSEI: 1499 rows stored in DB
2026-06-27 21:46:31,438 - INFO - Processing: ^NSEBANK
2026-06-27 21:46:32,187 - INFO -   ^NSEBANK: 1499 rows stored in DB
2026-06-27 21:46:32,187 - INFO - Processing: ^BSESN
2026-06-27 21:46:42,306 - WARNING - No data: ^BSESN
2026-06-27 21:46:42,306 - INFO - Processing: ^NSEMDCP50
2026-06-27 21:46:43,052 - INFO -   ^NSEMDCP50: 1499 rows stored in DB
2026-06-27 21:46:43,052 - INFO - Processing: NIFTY_FIN_SERVICE.NS
2026-06-27 21:46:43,809 - INFO -   NIFTY_FIN_SERVICE.NS: 1499 rows stored in DB
2026-06-27 21:46:43,927 - INFO - README updated.
2026-06-27 21:46:43,927 - INFO - All done.
2026-06-27 22:01:34,205 - INFO - Processing 25 symbols
2026-06-27 22:01:34,205 - INFO - Processing: ALKEM.NS
2026-06-27 22:01:35,203 - INFO -   ALKEM.NS: 1499 rows stored in DB
2026-06-27 22:01:35,203 - INFO - Processing: APLAPOLLO.NS
2026-06-27 22:01:36,032 - INFO -   APLAPOLLO.NS: 1499 rows stored in DB
2026-06-27 22:01:36,032 - INFO - Processing: ASHOKLEY.NS
2026-06-27 22:01:36,917 - INFO -   ASHOKLEY.NS: 1500 rows stored in DB
2026-06-27 22:01:36,917 - INFO - Processing: AUBANK.NS
2026-06-27 22:01:37,745 - INFO -   AUBANK.NS: 1499 rows stored in DB
2026-06-27 22:01:37,745 - INFO - Processing: AUROPHARMA.NS
2026-06-27 22:01:38,655 - INFO -   AUROPHARMA.NS: 1499 rows stored in DB
2026-06-27 22:01:38,655 - INFO - Processing: BHARATFORG.NS
2026-06-27 22:01:39,502 - INFO -   BHARATFORG.NS: 1499 rows stored in DB
2026-06-27 22:01:39,502 - INFO - Processing: BHEL.NS
2026-06-27 22:01:40,355 - INFO -   BHEL.NS: 1499 rows stored in DB
2026-06-27 22:01:40,355 - INFO - Processing: BSE.NS
2026-06-27 22:01:41,195 - INFO -   BSE.NS: 1499 rows stored in DB
2026-06-27 22:01:41,195 - INFO - Processing: COFORGE.NS
2026-06-27 22:01:42,043 - INFO -   COFORGE.NS: 1499 rows stored in DB
2026-06-27 22:01:42,044 - INFO - Processing: COLPAL.NS
2026-06-27 22:01:42,903 - INFO -   COLPAL.NS: 1500 rows stored in DB
2026-06-27 22:01:42,903 - INFO - Processing: DABUR.NS
2026-06-27 22:01:43,771 - INFO -   DABUR.NS: 1499 rows stored in DB
2026-06-27 22:01:43,771 - INFO - Processing: DIXON.NS
2026-06-27 22:01:44,667 - INFO -   DIXON.NS: 1499 rows stored in DB
2026-06-27 22:01:44,667 - INFO - Processing: FEDERALBNK.NS
2026-06-27 22:01:45,522 - INFO -   FEDERALBNK.NS: 1499 rows stored in DB
2026-06-27 22:01:45,523 - INFO - Processing: FORTIS.NS
2026-06-27 22:01:46,421 - INFO -   FORTIS.NS: 1496 rows stored in DB
2026-06-27 22:01:46,421 - INFO - Processing: GMRAIRPORT.NS
2026-06-27 22:01:47,279 - INFO -   GMRAIRPORT.NS: 1499 rows stored in DB
2026-06-27 22:01:47,279 - INFO - Processing: GODREJPROP.NS
2026-06-27 22:01:48,159 - INFO -   GODREJPROP.NS: 1493 rows stored in DB
2026-06-27 22:01:48,159 - INFO - Processing: HAVELLS.NS
2026-06-27 22:01:49,009 - INFO -   HAVELLS.NS: 1499 rows stored in DB
2026-06-27 22:01:49,009 - INFO - Processing: HEROMOTOCO.NS
2026-06-27 22:01:49,845 - INFO -   HEROMOTOCO.NS: 1499 rows stored in DB
2026-06-27 22:01:49,845 - INFO - Processing: HINDPETRO.NS
2026-06-27 22:01:50,726 - INFO -   HINDPETRO.NS: 1499 rows stored in DB
2026-06-27 22:01:50,726 - INFO - Processing: ICICIBANK.NS
2026-06-27 22:01:51,590 - INFO -   ICICIBANK.NS: 1499 rows stored in DB
2026-06-27 22:01:51,591 - INFO - Processing: ^NSEI
2026-06-27 22:01:52,358 - INFO -   ^NSEI: 1499 rows stored in DB
2026-06-27 22:01:52,358 - INFO - Processing: ^NSEBANK
2026-06-27 22:01:53,103 - INFO -   ^NSEBANK: 1499 rows stored in DB
2026-06-27 22:01:53,103 - INFO - Processing: ^BSESN
2026-06-27 22:01:53,874 - INFO -   ^BSESN: 1499 rows stored in DB
2026-06-27 22:01:53,874 - INFO - Processing: ^NSEMDCP50
2026-06-27 22:01:54,622 - INFO -   ^NSEMDCP50: 1499 rows stored in DB
2026-06-27 22:01:54,622 - INFO - Processing: NIFTY_FIN_SERVICE.NS
2026-06-27 22:01:55,412 - INFO -   NIFTY_FIN_SERVICE.NS: 1499 rows stored in DB
2026-06-27 22:01:55,532 - INFO - README updated.
2026-06-27 22:01:55,533 - INFO - All done.
2026-06-27 22:16:06,982 - INFO - Processing 25 symbols
2026-06-27 22:16:06,983 - INFO - Processing: ALKEM.NS
2026-06-27 22:16:08,635 - INFO -   ALKEM.NS: 1500 rows stored in DB
2026-06-27 22:16:08,636 - INFO - Processing: APLAPOLLO.NS
2026-06-27 22:16:09,699 - INFO -   APLAPOLLO.NS: 1500 rows stored in DB
2026-06-27 22:16:09,700 - INFO - Processing: ASHOKLEY.NS
2026-06-27 22:16:10,760 - INFO -   ASHOKLEY.NS: 1500 rows stored in DB
2026-06-27 22:16:10,761 - INFO - Processing: AUBANK.NS
2026-06-27 22:16:11,719 - INFO -   AUBANK.NS: 1500 rows stored in DB
2026-06-27 22:16:11,719 - INFO - Processing: AUROPHARMA.NS
2026-06-27 22:16:12,700 - INFO -   AUROPHARMA.NS: 1500 rows stored in DB
2026-06-27 22:16:12,700 - INFO - Processing: BHARATFORG.NS
2026-06-27 22:16:13,780 - INFO -   BHARATFORG.NS: 1500 rows stored in DB
2026-06-27 22:16:13,780 - INFO - Processing: BHEL.NS
2026-06-27 22:16:14,831 - INFO -   BHEL.NS: 1500 rows stored in DB
2026-06-27 22:16:14,831 - INFO - Processing: BSE.NS
2026-06-27 22:16:15,982 - INFO -   BSE.NS: 1500 rows stored in DB
2026-06-27 22:16:15,982 - INFO - Processing: COFORGE.NS
2026-06-27 22:16:17,012 - INFO -   COFORGE.NS: 1500 rows stored in DB
2026-06-27 22:16:17,012 - INFO - Processing: COLPAL.NS
2026-06-27 22:16:18,051 - INFO -   COLPAL.NS: 1500 rows stored in DB
2026-06-27 22:16:18,051 - INFO - Processing: DABUR.NS
2026-06-27 22:16:19,110 - INFO -   DABUR.NS: 1500 rows stored in DB
2026-06-27 22:16:19,111 - INFO - Processing: DIXON.NS
2026-06-27 22:16:20,193 - INFO -   DIXON.NS: 1500 rows stored in DB
2026-06-27 22:16:20,193 - INFO - Processing: FEDERALBNK.NS
2026-06-27 22:16:21,307 - INFO -   FEDERALBNK.NS: 1500 rows stored in DB
2026-06-27 22:16:21,307 - INFO - Processing: FORTIS.NS
2026-06-27 22:16:22,335 - INFO -   FORTIS.NS: 1497 rows stored in DB
2026-06-27 22:16:22,336 - INFO - Processing: GMRAIRPORT.NS
2026-06-27 22:16:23,401 - INFO -   GMRAIRPORT.NS: 1500 rows stored in DB
2026-06-27 22:16:23,401 - INFO - Processing: GODREJPROP.NS
2026-06-27 22:16:24,497 - INFO -   GODREJPROP.NS: 1494 rows stored in DB
2026-06-27 22:16:24,497 - INFO - Processing: HAVELLS.NS
2026-06-27 22:16:25,604 - INFO -   HAVELLS.NS: 1500 rows stored in DB
2026-06-27 22:16:25,604 - INFO - Processing: HEROMOTOCO.NS
2026-06-27 22:16:26,610 - INFO -   HEROMOTOCO.NS: 1500 rows stored in DB
2026-06-27 22:16:26,611 - INFO - Processing: HINDPETRO.NS
2026-06-27 22:16:27,840 - INFO -   HINDPETRO.NS: 1499 rows stored in DB
2026-06-27 22:16:27,840 - INFO - Processing: ICICIBANK.NS
2026-06-27 22:16:28,822 - INFO -   ICICIBANK.NS: 1500 rows stored in DB
2026-06-27 22:16:28,822 - INFO - Processing: ^NSEI
2026-06-27 22:16:29,891 - INFO -   ^NSEI: 1500 rows stored in DB
2026-06-27 22:16:29,891 - INFO - Processing: ^NSEBANK
2026-06-27 22:16:30,830 - INFO -   ^NSEBANK: 1500 rows stored in DB
2026-06-27 22:16:30,830 - INFO - Processing: ^BSESN
2026-06-27 22:16:31,776 - INFO -   ^BSESN: 1500 rows stored in DB
2026-06-27 22:16:31,776 - INFO - Processing: ^NSEMDCP50
2026-06-27 22:16:32,689 - INFO -   ^NSEMDCP50: 1500 rows stored in DB
2026-06-27 22:16:32,689 - INFO - Processing: NIFTY_FIN_SERVICE.NS
2026-06-27 22:16:33,602 - INFO -   NIFTY_FIN_SERVICE.NS: 1500 rows stored in DB
2026-06-27 22:16:33,732 - INFO - README updated.
2026-06-27 22:16:33,733 - INFO - All done.
2026-06-27 22:31:22,348 - INFO - Processing 25 symbols
2026-06-27 22:31:22,348 - INFO - Processing: ALKEM.NS
2026-06-27 22:31:23,849 - INFO -   ALKEM.NS: 1500 rows stored in DB
2026-06-27 22:31:23,849 - INFO - Processing: APLAPOLLO.NS
2026-06-27 22:31:24,899 - INFO -   APLAPOLLO.NS: 1500 rows stored in DB
2026-06-27 22:31:24,899 - INFO - Processing: ASHOKLEY.NS
2026-06-27 22:31:25,971 - INFO -   ASHOKLEY.NS: 1500 rows stored in DB
2026-06-27 22:31:25,971 - INFO - Processing: AUBANK.NS
2026-06-27 22:31:27,116 - INFO -   AUBANK.NS: 1500 rows stored in DB
2026-06-27 22:31:27,117 - INFO - Processing: AUROPHARMA.NS
2026-06-27 22:31:28,243 - INFO -   AUROPHARMA.NS: 1500 rows stored in DB
2026-06-27 22:31:28,243 - INFO - Processing: BHARATFORG.NS
2026-06-27 22:31:29,303 - INFO -   BHARATFORG.NS: 1500 rows stored in DB
2026-06-27 22:31:29,304 - INFO - Processing: BHEL.NS
2026-06-27 22:31:30,342 - INFO -   BHEL.NS: 1500 rows stored in DB
2026-06-27 22:31:30,342 - INFO - Processing: BSE.NS
2026-06-27 22:31:31,376 - INFO -   BSE.NS: 1500 rows stored in DB
2026-06-27 22:31:31,376 - INFO - Processing: COFORGE.NS
2026-06-27 22:31:32,477 - INFO -   COFORGE.NS: 1500 rows stored in DB
2026-06-27 22:31:32,477 - INFO - Processing: COLPAL.NS
2026-06-27 22:31:33,570 - INFO -   COLPAL.NS: 1500 rows stored in DB
2026-06-27 22:31:33,570 - INFO - Processing: DABUR.NS
2026-06-27 22:31:34,648 - INFO -   DABUR.NS: 1500 rows stored in DB
2026-06-27 22:31:34,648 - INFO - Processing: DIXON.NS
2026-06-27 22:31:35,672 - INFO -   DIXON.NS: 1500 rows stored in DB
2026-06-27 22:31:35,672 - INFO - Processing: FEDERALBNK.NS
2026-06-27 22:31:36,722 - INFO -   FEDERALBNK.NS: 1500 rows stored in DB
2026-06-27 22:31:36,723 - INFO - Processing: FORTIS.NS
2026-06-27 22:31:37,679 - INFO -   FORTIS.NS: 1497 rows stored in DB
2026-06-27 22:31:37,680 - INFO - Processing: GMRAIRPORT.NS
2026-06-27 22:31:38,813 - INFO -   GMRAIRPORT.NS: 1500 rows stored in DB
2026-06-27 22:31:38,814 - INFO - Processing: GODREJPROP.NS
2026-06-27 22:31:39,853 - INFO -   GODREJPROP.NS: 1494 rows stored in DB
2026-06-27 22:31:39,853 - INFO - Processing: HAVELLS.NS
2026-06-27 22:31:40,943 - INFO -   HAVELLS.NS: 1500 rows stored in DB
2026-06-27 22:31:40,943 - INFO - Processing: HEROMOTOCO.NS
2026-06-27 22:31:41,997 - INFO -   HEROMOTOCO.NS: 1500 rows stored in DB
2026-06-27 22:31:41,997 - INFO - Processing: HINDPETRO.NS
2026-06-27 22:31:43,089 - INFO -   HINDPETRO.NS: 1500 rows stored in DB
2026-06-27 22:31:43,089 - INFO - Processing: ICICIBANK.NS
2026-06-27 22:31:44,093 - INFO -   ICICIBANK.NS: 1500 rows stored in DB
2026-06-27 22:31:44,093 - INFO - Processing: ^NSEI
2026-06-27 22:31:45,084 - INFO -   ^NSEI: 1500 rows stored in DB
2026-06-27 22:31:45,085 - INFO - Processing: ^NSEBANK
2026-06-27 22:31:46,001 - INFO -   ^NSEBANK: 1500 rows stored in DB
2026-06-27 22:31:46,001 - INFO - Processing: ^BSESN
2026-06-27 22:31:47,068 - INFO -   ^BSESN: 1500 rows stored in DB
2026-06-27 22:31:47,068 - INFO - Processing: ^NSEMDCP50
2026-06-27 22:31:47,967 - INFO -   ^NSEMDCP50: 1500 rows stored in DB
2026-06-27 22:31:47,967 - INFO - Processing: NIFTY_FIN_SERVICE.NS
2026-06-27 22:31:48,904 - INFO -   NIFTY_FIN_SERVICE.NS: 1500 rows stored in DB
2026-06-27 22:31:49,024 - INFO - README updated.
2026-06-27 22:31:49,024 - INFO - All done.
